// Jest Snapshot v1, https://goo.gl/fbAQLP

exports[`WeatherButton renders correctly 1`] = `<!---->`;
